---
source: homotopy-core/tests/diagram.rs
expression: "examples::associator().1.source()"

---
DiagramN {
    source: DiagramN {
        source: Diagram0(
            0:0,
        ),
        cospans: [
            GenericCospan {
                forward: Rewrite0(
                    0:0,
                    1:1,
                ),
                backward: Rewrite0(
                    0:0,
                    1:1,
                ),
            },
            GenericCospan {
                forward: Rewrite0(
                    0:0,
                    1:1,
                ),
                backward: Rewrite0(
                    0:0,
                    1:1,
                ),
            },
            GenericCospan {
                forward: Rewrite0(
                    0:0,
                    1:1,
                ),
                backward: Rewrite0(
                    0:0,
                    1:1,
                ),
            },
        ],
    },
    cospans: [
        GenericCospan {
            forward: RewriteN {
                dimension: 1,
                cones: [
                    Cone {
                        index: 0,
                        internal: ConeInternal {
                            source: [
                                GenericCospan {
                                    forward: Rewrite0(
                                        0:0,
                                        1:1,
                                    ),
                                    backward: Rewrite0(
                                        0:0,
                                        1:1,
                                    ),
                                },
                                GenericCospan {
                                    forward: Rewrite0(
                                        0:0,
                                        1:1,
                                    ),
                                    backward: Rewrite0(
                                        0:0,
                                        1:1,
                                    ),
                                },
                            ],
                            target: GenericCospan {
                                forward: Rewrite0(
                                    0:0,
                                    2:2,
                                ),
                                backward: Rewrite0(
                                    0:0,
                                    2:2,
                                ),
                            },
                            slices: [
                                Rewrite0(
                                    1:1,
                                    2:2,
                                ),
                                Rewrite0(
                                    1:1,
                                    2:2,
                                ),
                            ],
                        },
                    },
                ],
                payload: (),
            },
            backward: RewriteN {
                dimension: 1,
                cones: [
                    Cone {
                        index: 0,
                        internal: ConeInternal {
                            source: [
                                GenericCospan {
                                    forward: Rewrite0(
                                        0:0,
                                        1:1,
                                    ),
                                    backward: Rewrite0(
                                        0:0,
                                        1:1,
                                    ),
                                },
                            ],
                            target: GenericCospan {
                                forward: Rewrite0(
                                    0:0,
                                    2:2,
                                ),
                                backward: Rewrite0(
                                    0:0,
                                    2:2,
                                ),
                            },
                            slices: [
                                Rewrite0(
                                    1:1,
                                    2:2,
                                ),
                            ],
                        },
                    },
                ],
                payload: (),
            },
        },
        GenericCospan {
            forward: RewriteN {
                dimension: 1,
                cones: [
                    Cone {
                        index: 0,
                        internal: ConeInternal {
                            source: [
                                GenericCospan {
                                    forward: Rewrite0(
                                        0:0,
                                        1:1,
                                    ),
                                    backward: Rewrite0(
                                        0:0,
                                        1:1,
                                    ),
                                },
                                GenericCospan {
                                    forward: Rewrite0(
                                        0:0,
                                        1:1,
                                    ),
                                    backward: Rewrite0(
                                        0:0,
                                        1:1,
                                    ),
                                },
                            ],
                            target: GenericCospan {
                                forward: Rewrite0(
                                    0:0,
                                    2:2,
                                ),
                                backward: Rewrite0(
                                    0:0,
                                    2:2,
                                ),
                            },
                            slices: [
                                Rewrite0(
                                    1:1,
                                    2:2,
                                ),
                                Rewrite0(
                                    1:1,
                                    2:2,
                                ),
                            ],
                        },
                    },
                ],
                payload: (),
            },
            backward: RewriteN {
                dimension: 1,
                cones: [
                    Cone {
                        index: 0,
                        internal: ConeInternal {
                            source: [
                                GenericCospan {
                                    forward: Rewrite0(
                                        0:0,
                                        1:1,
                                    ),
                                    backward: Rewrite0(
                                        0:0,
                                        1:1,
                                    ),
                                },
                            ],
                            target: GenericCospan {
                                forward: Rewrite0(
                                    0:0,
                                    2:2,
                                ),
                                backward: Rewrite0(
                                    0:0,
                                    2:2,
                                ),
                            },
                            slices: [
                                Rewrite0(
                                    1:1,
                                    2:2,
                                ),
                            ],
                        },
                    },
                ],
                payload: (),
            },
        },
    ],
}
