---
source: homotopy-model/tests/actions.rs
assertion_line: 42
expression: proof.workspace
---
Some(
    Workspace {
        diagram: DiagramN {
            source: DiagramN {
                source: DiagramN {
                    source: Diagram0(
                        0:0,
                    ),
                    cospans: [],
                },
                cospans: [
                    Cospan {
                        forward: RewriteN { dimension: 1, cones: [Cone { index: 0, internal: ConeInternal { source: [], target: Cospan { forward: Rewrite0(0:0, 1:2), backward: Rewrite0(0:0, 1:2) }, slices: [] } }] },
                        backward: RewriteN { dimension: 1, cones: [Cone { index: 0, internal: ConeInternal { source: [], target: Cospan { forward: Rewrite0(0:0, 1:2), backward: Rewrite0(0:0, 1:2) }, slices: [] } }] },
                    },
                    Cospan {
                        forward: RewriteN { dimension: 1, cones: [Cone { index: 0, internal: ConeInternal { source: [], target: Cospan { forward: Rewrite0(0:0, 1:2), backward: Rewrite0(0:0, 1:2) }, slices: [] } }] },
                        backward: RewriteN { dimension: 1, cones: [Cone { index: 0, internal: ConeInternal { source: [], target: Cospan { forward: Rewrite0(0:0, 1:2), backward: Rewrite0(0:0, 1:2) }, slices: [] } }] },
                    },
                ],
            },
            cospans: [
                Cospan {
                    forward: RewriteN { dimension: 2, cones: [Cone { index: 0, internal: ConeInternal { source: [Cospan { forward: RewriteN { dimension: 1, cones: [Cone { index: 0, internal: ConeInternal { source: [], target: Cospan { forward: Rewrite0(0:0, 1:2), backward: Rewrite0(0:0, 1:2) }, slices: [] } }] }, backward: RewriteN { dimension: 1, cones: [Cone { index: 0, internal: ConeInternal { source: [], target: Cospan { forward: Rewrite0(0:0, 1:2), backward: Rewrite0(0:0, 1:2) }, slices: [] } }] } }, Cospan { forward: RewriteN { dimension: 1, cones: [Cone { index: 0, internal: ConeInternal { source: [], target: Cospan { forward: Rewrite0(0:0, 1:2), backward: Rewrite0(0:0, 1:2) }, slices: [] } }] }, backward: RewriteN { dimension: 1, cones: [Cone { index: 0, internal: ConeInternal { source: [], target: Cospan { forward: Rewrite0(0:0, 1:2), backward: Rewrite0(0:0, 1:2) }, slices: [] } }] } }], target: Cospan { forward: RewriteN { dimension: 1, cones: [Cone { index: 0, internal: ConeInternal { source: [], target: Cospan { forward: Rewrite0(0:0, 1:2), backward: Rewrite0(0:0, 1:2) }, slices: [] } }, Cone { index: 0, internal: ConeInternal { source: [], target: Cospan { forward: Rewrite0(0:0, 1:2), backward: Rewrite0(0:0, 1:2) }, slices: [] } }] }, backward: RewriteN { dimension: 1, cones: [Cone { index: 0, internal: ConeInternal { source: [], target: Cospan { forward: Rewrite0(0:0, 1:2), backward: Rewrite0(0:0, 1:2) }, slices: [] } }, Cone { index: 0, internal: ConeInternal { source: [], target: Cospan { forward: Rewrite0(0:0, 1:2), backward: Rewrite0(0:0, 1:2) }, slices: [] } }] } }, slices: [RewriteN { dimension: 1, cones: [Cone { index: 1, internal: ConeInternal { source: [], target: Cospan { forward: Rewrite0(0:0, 1:2), backward: Rewrite0(0:0, 1:2) }, slices: [] } }] }, RewriteN { dimension: 1, cones: [Cone { index: 0, internal: ConeInternal { source: [], target: Cospan { forward: Rewrite0(0:0, 1:2), backward: Rewrite0(0:0, 1:2) }, slices: [] } }] }] } }] },
                    backward: RewriteN { dimension: 2, cones: [Cone { index: 0, internal: ConeInternal { source: [Cospan { forward: RewriteN { dimension: 1, cones: [Cone { index: 0, internal: ConeInternal { source: [], target: Cospan { forward: Rewrite0(0:0, 1:2), backward: Rewrite0(0:0, 1:2) }, slices: [] } }] }, backward: RewriteN { dimension: 1, cones: [Cone { index: 0, internal: ConeInternal { source: [], target: Cospan { forward: Rewrite0(0:0, 1:2), backward: Rewrite0(0:0, 1:2) }, slices: [] } }] } }, Cospan { forward: RewriteN { dimension: 1, cones: [Cone { index: 0, internal: ConeInternal { source: [], target: Cospan { forward: Rewrite0(0:0, 1:2), backward: Rewrite0(0:0, 1:2) }, slices: [] } }] }, backward: RewriteN { dimension: 1, cones: [Cone { index: 0, internal: ConeInternal { source: [], target: Cospan { forward: Rewrite0(0:0, 1:2), backward: Rewrite0(0:0, 1:2) }, slices: [] } }] } }], target: Cospan { forward: RewriteN { dimension: 1, cones: [Cone { index: 0, internal: ConeInternal { source: [], target: Cospan { forward: Rewrite0(0:0, 1:2), backward: Rewrite0(0:0, 1:2) }, slices: [] } }, Cone { index: 0, internal: ConeInternal { source: [], target: Cospan { forward: Rewrite0(0:0, 1:2), backward: Rewrite0(0:0, 1:2) }, slices: [] } }] }, backward: RewriteN { dimension: 1, cones: [Cone { index: 0, internal: ConeInternal { source: [], target: Cospan { forward: Rewrite0(0:0, 1:2), backward: Rewrite0(0:0, 1:2) }, slices: [] } }, Cone { index: 0, internal: ConeInternal { source: [], target: Cospan { forward: Rewrite0(0:0, 1:2), backward: Rewrite0(0:0, 1:2) }, slices: [] } }] } }, slices: [RewriteN { dimension: 1, cones: [Cone { index: 0, internal: ConeInternal { source: [], target: Cospan { forward: Rewrite0(0:0, 1:2), backward: Rewrite0(0:0, 1:2) }, slices: [] } }] }, RewriteN { dimension: 1, cones: [Cone { index: 1, internal: ConeInternal { source: [], target: Cospan { forward: Rewrite0(0:0, 1:2), backward: Rewrite0(0:0, 1:2) }, slices: [] } }] }] } }] },
                },
                Cospan {
                    forward: RewriteN { dimension: 2, cones: [Cone { index: 1, internal: ConeInternal { source: [], target: Cospan { forward: RewriteN { dimension: 1, cones: [Cone { index: 0, internal: ConeInternal { source: [], target: Cospan { forward: Rewrite0(0:0, 2:3), backward: Rewrite0(0:0, 2:3) }, slices: [] } }] }, backward: RewriteN { dimension: 1, cones: [Cone { index: 0, internal: ConeInternal { source: [], target: Cospan { forward: Rewrite0(0:0, 2:3), backward: Rewrite0(0:0, 2:3) }, slices: [] } }] } }, slices: [] } }, Cone { index: 1, internal: ConeInternal { source: [], target: Cospan { forward: RewriteN { dimension: 1, cones: [Cone { index: 0, internal: ConeInternal { source: [], target: Cospan { forward: Rewrite0(0:0, 2:3), backward: Rewrite0(0:0, 2:3) }, slices: [] } }] }, backward: RewriteN { dimension: 1, cones: [Cone { index: 0, internal: ConeInternal { source: [], target: Cospan { forward: Rewrite0(0:0, 2:3), backward: Rewrite0(0:0, 2:3) }, slices: [] } }] } }, slices: [] } }, Cone { index: 1, internal: ConeInternal { source: [], target: Cospan { forward: RewriteN { dimension: 1, cones: [Cone { index: 0, internal: ConeInternal { source: [], target: Cospan { forward: Rewrite0(0:0, 2:3), backward: Rewrite0(0:0, 2:3) }, slices: [] } }] }, backward: RewriteN { dimension: 1, cones: [Cone { index: 0, internal: ConeInternal { source: [], target: Cospan { forward: Rewrite0(0:0, 2:3), backward: Rewrite0(0:0, 2:3) }, slices: [] } }] } }, slices: [] } }, Cone { index: 1, internal: ConeInternal { source: [], target: Cospan { forward: RewriteN { dimension: 1, cones: [Cone { index: 0, internal: ConeInternal { source: [], target: Cospan { forward: Rewrite0(0:0, 2:3), backward: Rewrite0(0:0, 2:3) }, slices: [] } }] }, backward: RewriteN { dimension: 1, cones: [Cone { index: 0, internal: ConeInternal { source: [], target: Cospan { forward: Rewrite0(0:0, 2:3), backward: Rewrite0(0:0, 2:3) }, slices: [] } }] } }, slices: [] } }] },
                    backward: RewriteN { dimension: 2, cones: [Cone { index: 1, internal: ConeInternal { source: [Cospan { forward: RewriteN { dimension: 1, cones: [Cone { index: 0, internal: ConeInternal { source: [], target: Cospan { forward: Rewrite0(0:0, 1:2), backward: Rewrite0(0:0, 1:2) }, slices: [] } }] }, backward: RewriteN { dimension: 1, cones: [Cone { index: 0, internal: ConeInternal { source: [], target: Cospan { forward: Rewrite0(0:0, 1:2), backward: Rewrite0(0:0, 1:2) }, slices: [] } }] } }], target: Cospan { forward: RewriteN { dimension: 1, cones: [Cone { index: 0, internal: ConeInternal { source: [], target: Cospan { forward: Rewrite0(0:0, 2:3), backward: Rewrite0(0:0, 2:3) }, slices: [] } }] }, backward: RewriteN { dimension: 1, cones: [Cone { index: 0, internal: ConeInternal { source: [], target: Cospan { forward: Rewrite0(0:0, 2:3), backward: Rewrite0(0:0, 2:3) }, slices: [] } }] } }, slices: [RewriteN { dimension: 1, cones: [Cone { index: 0, internal: ConeInternal { source: [Cospan { forward: Rewrite0(0:0, 1:2), backward: Rewrite0(0:0, 1:2) }], target: Cospan { forward: Rewrite0(0:0, 2:3), backward: Rewrite0(0:0, 2:3) }, slices: [Rewrite0(1:2, 2:3)] } }] }] } }, Cone { index: 2, internal: ConeInternal { source: [Cospan { forward: RewriteN { dimension: 1, cones: [Cone { index: 0, internal: ConeInternal { source: [], target: Cospan { forward: Rewrite0(0:0, 1:2), backward: Rewrite0(0:0, 1:2) }, slices: [] } }] }, backward: RewriteN { dimension: 1, cones: [Cone { index: 0, internal: ConeInternal { source: [], target: Cospan { forward: Rewrite0(0:0, 1:2), backward: Rewrite0(0:0, 1:2) }, slices: [] } }] } }], target: Cospan { forward: RewriteN { dimension: 1, cones: [Cone { index: 0, internal: ConeInternal { source: [], target: Cospan { forward: Rewrite0(0:0, 2:3), backward: Rewrite0(0:0, 2:3) }, slices: [] } }] }, backward: RewriteN { dimension: 1, cones: [Cone { index: 0, internal: ConeInternal { source: [], target: Cospan { forward: Rewrite0(0:0, 2:3), backward: Rewrite0(0:0, 2:3) }, slices: [] } }] } }, slices: [RewriteN { dimension: 1, cones: [Cone { index: 0, internal: ConeInternal { source: [Cospan { forward: Rewrite0(0:0, 1:2), backward: Rewrite0(0:0, 1:2) }], target: Cospan { forward: Rewrite0(0:0, 2:3), backward: Rewrite0(0:0, 2:3) }, slices: [Rewrite0(1:2, 2:3)] } }] }] } }, Cone { index: 3, internal: ConeInternal { source: [Cospan { forward: RewriteN { dimension: 1, cones: [Cone { index: 0, internal: ConeInternal { source: [], target: Cospan { forward: Rewrite0(0:0, 1:2), backward: Rewrite0(0:0, 1:2) }, slices: [] } }] }, backward: RewriteN { dimension: 1, cones: [Cone { index: 0, internal: ConeInternal { source: [], target: Cospan { forward: Rewrite0(0:0, 1:2), backward: Rewrite0(0:0, 1:2) }, slices: [] } }] } }], target: Cospan { forward: RewriteN { dimension: 1, cones: [Cone { index: 0, internal: ConeInternal { source: [], target: Cospan { forward: Rewrite0(0:0, 2:3), backward: Rewrite0(0:0, 2:3) }, slices: [] } }] }, backward: RewriteN { dimension: 1, cones: [Cone { index: 0, internal: ConeInternal { source: [], target: Cospan { forward: Rewrite0(0:0, 2:3), backward: Rewrite0(0:0, 2:3) }, slices: [] } }] } }, slices: [RewriteN { dimension: 1, cones: [Cone { index: 0, internal: ConeInternal { source: [Cospan { forward: Rewrite0(0:0, 1:2), backward: Rewrite0(0:0, 1:2) }], target: Cospan { forward: Rewrite0(0:0, 2:3), backward: Rewrite0(0:0, 2:3) }, slices: [Rewrite0(1:2, 2:3)] } }] }] } }, Cone { index: 4, internal: ConeInternal { source: [Cospan { forward: RewriteN { dimension: 1, cones: [Cone { index: 0, internal: ConeInternal { source: [], target: Cospan { forward: Rewrite0(0:0, 1:2), backward: Rewrite0(0:0, 1:2) }, slices: [] } }] }, backward: RewriteN { dimension: 1, cones: [Cone { index: 0, internal: ConeInternal { source: [], target: Cospan { forward: Rewrite0(0:0, 1:2), backward: Rewrite0(0:0, 1:2) }, slices: [] } }] } }], target: Cospan { forward: RewriteN { dimension: 1, cones: [Cone { index: 0, internal: ConeInternal { source: [], target: Cospan { forward: Rewrite0(0:0, 2:3), backward: Rewrite0(0:0, 2:3) }, slices: [] } }] }, backward: RewriteN { dimension: 1, cones: [Cone { index: 0, internal: ConeInternal { source: [], target: Cospan { forward: Rewrite0(0:0, 2:3), backward: Rewrite0(0:0, 2:3) }, slices: [] } }] } }, slices: [RewriteN { dimension: 1, cones: [Cone { index: 0, internal: ConeInternal { source: [Cospan { forward: Rewrite0(0:0, 1:2), backward: Rewrite0(0:0, 1:2) }], target: Cospan { forward: Rewrite0(0:0, 2:3), backward: Rewrite0(0:0, 2:3) }, slices: [Rewrite0(1:2, 2:3)] } }] }] } }] },
                },
            ],
        },
        path: [],
        view: View {
            dimension: 2,
        },
        attach: None,
        attachment_highlight: None,
        slice_highlight: None,
    },
)
